// Jest Snapshot v1, https://goo.gl/fbAQLP

exports[`Storyshots HorizontalRule Default 1`] = `

  
`;
